// Jest Snapshot v1, https://goo.gl/fbAQLP

exports[`renders correctly 1`] = `
<View>
  <Text
    style={
      Object {
        "fontSize": 33.5,
        "fontWeight": "bold",
      }
    }
  >
    Joey's Alice lake lap
  </Text>
  <RideItemDetail
    ride={
      Object {
        "difficulty": 1,
        "location": "Alice Lake",
        "locationGps": Array [
          49.775666,
          -123.123307,
        ],
        "members": Array [
          1,
        ],
        "route": "Some trails",
        "terrain": "trail",
        "title": "Joey's Alice lake lap",
      }
    }
  />
  <View
    style={
      Object {
        "flexDirection": "row",
      }
    }
  >
    <Image
      onLayout={[Function]}
      source={
        Object {
          "uri": null,
        }
      }
      style={
        Object {
          "aspectRatio": 1,
          "backgroundColor": "#0006",
          "borderRadius": 0,
          "height": 80,
          "marginRight": -26.5,
          "width": 80,
          "zIndex": 1,
        }
      }
    />
  </View>
</View>
`;

exports[`renders correctly with style 1`] = `
<View>
  <Text
    style={
      Object {
        "fontSize": 33.5,
        "fontWeight": "bold",
      }
    }
  >
    Joey's Alice lake lap
  </Text>
  <RideItemDetail
    ride={
      Object {
        "difficulty": 1,
        "location": "Alice Lake",
        "locationGps": Array [
          49.775666,
          -123.123307,
        ],
        "members": Array [
          1,
        ],
        "route": "Some trails",
        "terrain": "trail",
        "title": "Joey's Alice lake lap",
      }
    }
  />
  <View
    style={
      Object {
        "flexDirection": "row",
      }
    }
  >
    <Image
      onLayout={[Function]}
      source={
        Object {
          "uri": null,
        }
      }
      style={
        Object {
          "aspectRatio": 1,
          "backgroundColor": "#0006",
          "borderRadius": 0,
          "height": 80,
          "marginRight": -26.5,
          "width": 80,
          "zIndex": 1,
        }
      }
    />
  </View>
</View>
`;
