// Jest Snapshot v1, https://goo.gl/fbAQLP

exports[`renders correctly 1`] = `
<View
  style={
    Object {
      "flexDirection": "row",
    }
  }
>
  <Text
    style={
      Object {
        "fontSize": 33.5,
        "fontWeight": "bold",
        "paddingRight": 15,
      }
    }
  >
    Snapshot test!
  </Text>
  <Text
    style={
      Object {
        "color": "#b8b8b8",
        "fontSize": 33.5,
        "fontWeight": "bold",
      }
    }
  >
    0
  </Text>
</View>
`;

exports[`renders correctly with number 1`] = `
<View
  style={
    Object {
      "flexDirection": "row",
    }
  }
>
  <Text
    style={
      Object {
        "fontSize": 33.5,
        "fontWeight": "bold",
        "paddingRight": 15,
      }
    }
  >
    Snapshot test!
  </Text>
  <Text
    style={
      Object {
        "color": "#b8b8b8",
        "fontSize": 33.5,
        "fontWeight": "bold",
      }
    }
  >
    123
  </Text>
</View>
`;
